missing_keys:
  loss.logvar
  loss.perceptual_loss.scaling_layer.shift
  loss.perceptual_loss.scaling_layer.scale
  loss.perceptual_loss.net.slice1.0.weight
  loss.perceptual_loss.net.slice1.0.bias
  loss.perceptual_loss.net.slice1.2.weight
  loss.perceptual_loss.net.slice1.2.bias
  loss.perceptual_loss.net.slice2.5.weight
  loss.perceptual_loss.net.slice2.5.bias
  loss.perceptual_loss.net.slice2.7.weight
  loss.perceptual_loss.net.slice2.7.bias
  loss.perceptual_loss.net.slice3.10.weight
  loss.perceptual_loss.net.slice3.10.bias
  loss.perceptual_loss.net.slice3.12.weight
  loss.perceptual_loss.net.slice3.12.bias
  loss.perceptual_loss.net.slice3.14.weight
  loss.perceptual_loss.net.slice3.14.bias
  loss.perceptual_loss.net.slice4.17.weight
  loss.perceptual_loss.net.slice4.17.bias
  loss.perceptual_loss.net.slice4.19.weight
  loss.perceptual_loss.net.slice4.19.bias
  loss.perceptual_loss.net.slice4.21.weight
  loss.perceptual_loss.net.slice4.21.bias
  loss.perceptual_loss.net.slice5.24.weight
  loss.perceptual_loss.net.slice5.24.bias
  loss.perceptual_loss.net.slice5.26.weight
  loss.perceptual_loss.net.slice5.26.bias
  loss.perceptual_loss.net.slice5.28.weight
  loss.perceptual_loss.net.slice5.28.bias
  loss.perceptual_loss.lin0.model.1.weight
  loss.perceptual_loss.lin1.model.1.weight
  loss.perceptual_loss.lin2.model.1.weight
  loss.perceptual_loss.lin3.model.1.weight
  loss.perceptual_loss.lin4.model.1.weight
  loss.discriminator.main.0.weight
  loss.discriminator.main.0.bias
  loss.discriminator.main.2.weight
  loss.discriminator.main.3.weight
  loss.discriminator.main.3.bias
  loss.discriminator.main.3.running_mean
  loss.discriminator.main.3.running_var
  loss.discriminator.main.3.num_batches_tracked
  loss.discriminator.main.5.weight
  loss.discriminator.main.6.weight
  loss.discriminator.main.6.bias
  loss.discriminator.main.6.running_mean
  loss.discriminator.main.6.running_var
  loss.discriminator.main.6.num_batches_tracked
  loss.discriminator.main.8.weight
  loss.discriminator.main.9.weight
  loss.discriminator.main.9.bias
  loss.discriminator.main.9.running_mean
  loss.discriminator.main.9.running_var
  loss.discriminator.main.9.num_batches_tracked
  loss.discriminator.main.11.weight
  loss.discriminator.main.11.bias

different_keys:

same_keys:
  encoder.conv_in.weight
  encoder.conv_in.bias
  encoder.down.0.block.0.norm1.weight
  encoder.down.0.block.0.norm1.bias
  encoder.down.0.block.0.conv1.weight
  encoder.down.0.block.0.conv1.bias
  encoder.down.0.block.0.norm2.weight
  encoder.down.0.block.0.norm2.bias
  encoder.down.0.block.0.conv2.weight
  encoder.down.0.block.0.conv2.bias
  encoder.down.0.block.1.norm1.weight
  encoder.down.0.block.1.norm1.bias
  encoder.down.0.block.1.conv1.weight
  encoder.down.0.block.1.conv1.bias
  encoder.down.0.block.1.norm2.weight
  encoder.down.0.block.1.norm2.bias
  encoder.down.0.block.1.conv2.weight
  encoder.down.0.block.1.conv2.bias
  encoder.down.0.downsample.conv.weight
  encoder.down.0.downsample.conv.bias
  encoder.down.1.block.0.norm1.weight
  encoder.down.1.block.0.norm1.bias
  encoder.down.1.block.0.conv1.weight
  encoder.down.1.block.0.conv1.bias
  encoder.down.1.block.0.norm2.weight
  encoder.down.1.block.0.norm2.bias
  encoder.down.1.block.0.conv2.weight
  encoder.down.1.block.0.conv2.bias
  encoder.down.1.block.0.nin_shortcut.weight
  encoder.down.1.block.0.nin_shortcut.bias
  encoder.down.1.block.1.norm1.weight
  encoder.down.1.block.1.norm1.bias
  encoder.down.1.block.1.conv1.weight
  encoder.down.1.block.1.conv1.bias
  encoder.down.1.block.1.norm2.weight
  encoder.down.1.block.1.norm2.bias
  encoder.down.1.block.1.conv2.weight
  encoder.down.1.block.1.conv2.bias
  encoder.down.1.downsample.conv.weight
  encoder.down.1.downsample.conv.bias
  encoder.down.2.block.0.norm1.weight
  encoder.down.2.block.0.norm1.bias
  encoder.down.2.block.0.conv1.weight
  encoder.down.2.block.0.conv1.bias
  encoder.down.2.block.0.norm2.weight
  encoder.down.2.block.0.norm2.bias
  encoder.down.2.block.0.conv2.weight
  encoder.down.2.block.0.conv2.bias
  encoder.down.2.block.0.nin_shortcut.weight
  encoder.down.2.block.0.nin_shortcut.bias
  encoder.down.2.block.1.norm1.weight
  encoder.down.2.block.1.norm1.bias
  encoder.down.2.block.1.conv1.weight
  encoder.down.2.block.1.conv1.bias
  encoder.down.2.block.1.norm2.weight
  encoder.down.2.block.1.norm2.bias
  encoder.down.2.block.1.conv2.weight
  encoder.down.2.block.1.conv2.bias
  encoder.down.2.downsample.conv.weight
  encoder.down.2.downsample.conv.bias
  encoder.down.3.block.0.norm1.weight
  encoder.down.3.block.0.norm1.bias
  encoder.down.3.block.0.conv1.weight
  encoder.down.3.block.0.conv1.bias
  encoder.down.3.block.0.norm2.weight
  encoder.down.3.block.0.norm2.bias
  encoder.down.3.block.0.conv2.weight
  encoder.down.3.block.0.conv2.bias
  encoder.down.3.block.1.norm1.weight
  encoder.down.3.block.1.norm1.bias
  encoder.down.3.block.1.conv1.weight
  encoder.down.3.block.1.conv1.bias
  encoder.down.3.block.1.norm2.weight
  encoder.down.3.block.1.norm2.bias
  encoder.down.3.block.1.conv2.weight
  encoder.down.3.block.1.conv2.bias
  encoder.mid.block_1.norm1.weight
  encoder.mid.block_1.norm1.bias
  encoder.mid.block_1.conv1.weight
  encoder.mid.block_1.conv1.bias
  encoder.mid.block_1.norm2.weight
  encoder.mid.block_1.norm2.bias
  encoder.mid.block_1.conv2.weight
  encoder.mid.block_1.conv2.bias
  encoder.mid.attn_1.norm.weight
  encoder.mid.attn_1.norm.bias
  encoder.mid.attn_1.q.weight
  encoder.mid.attn_1.q.bias
  encoder.mid.attn_1.k.weight
  encoder.mid.attn_1.k.bias
  encoder.mid.attn_1.v.weight
  encoder.mid.attn_1.v.bias
  encoder.mid.attn_1.proj_out.weight
  encoder.mid.attn_1.proj_out.bias
  encoder.mid.block_2.norm1.weight
  encoder.mid.block_2.norm1.bias
  encoder.mid.block_2.conv1.weight
  encoder.mid.block_2.conv1.bias
  encoder.mid.block_2.norm2.weight
  encoder.mid.block_2.norm2.bias
  encoder.mid.block_2.conv2.weight
  encoder.mid.block_2.conv2.bias
  encoder.norm_out.weight
  encoder.norm_out.bias
  encoder.conv_out.weight
  encoder.conv_out.bias
  decoder.conv_in.weight
  decoder.conv_in.bias
  decoder.mid.block_1.norm1.weight
  decoder.mid.block_1.norm1.bias
  decoder.mid.block_1.conv1.weight
  decoder.mid.block_1.conv1.bias
  decoder.mid.block_1.norm2.weight
  decoder.mid.block_1.norm2.bias
  decoder.mid.block_1.conv2.weight
  decoder.mid.block_1.conv2.bias
  decoder.mid.attn_1.norm.weight
  decoder.mid.attn_1.norm.bias
  decoder.mid.attn_1.q.weight
  decoder.mid.attn_1.q.bias
  decoder.mid.attn_1.k.weight
  decoder.mid.attn_1.k.bias
  decoder.mid.attn_1.v.weight
  decoder.mid.attn_1.v.bias
  decoder.mid.attn_1.proj_out.weight
  decoder.mid.attn_1.proj_out.bias
  decoder.mid.block_2.norm1.weight
  decoder.mid.block_2.norm1.bias
  decoder.mid.block_2.conv1.weight
  decoder.mid.block_2.conv1.bias
  decoder.mid.block_2.norm2.weight
  decoder.mid.block_2.norm2.bias
  decoder.mid.block_2.conv2.weight
  decoder.mid.block_2.conv2.bias
  decoder.up.0.block.0.norm1.weight
  decoder.up.0.block.0.norm1.bias
  decoder.up.0.block.0.conv1.weight
  decoder.up.0.block.0.conv1.bias
  decoder.up.0.block.0.norm2.weight
  decoder.up.0.block.0.norm2.bias
  decoder.up.0.block.0.conv2.weight
  decoder.up.0.block.0.conv2.bias
  decoder.up.0.block.0.nin_shortcut.weight
  decoder.up.0.block.0.nin_shortcut.bias
  decoder.up.0.block.1.norm1.weight
  decoder.up.0.block.1.norm1.bias
  decoder.up.0.block.1.conv1.weight
  decoder.up.0.block.1.conv1.bias
  decoder.up.0.block.1.norm2.weight
  decoder.up.0.block.1.norm2.bias
  decoder.up.0.block.1.conv2.weight
  decoder.up.0.block.1.conv2.bias
  decoder.up.0.block.2.norm1.weight
  decoder.up.0.block.2.norm1.bias
  decoder.up.0.block.2.conv1.weight
  decoder.up.0.block.2.conv1.bias
  decoder.up.0.block.2.norm2.weight
  decoder.up.0.block.2.norm2.bias
  decoder.up.0.block.2.conv2.weight
  decoder.up.0.block.2.conv2.bias
  decoder.up.1.block.0.norm1.weight
  decoder.up.1.block.0.norm1.bias
  decoder.up.1.block.0.conv1.weight
  decoder.up.1.block.0.conv1.bias
  decoder.up.1.block.0.norm2.weight
  decoder.up.1.block.0.norm2.bias
  decoder.up.1.block.0.conv2.weight
  decoder.up.1.block.0.conv2.bias
  decoder.up.1.block.0.nin_shortcut.weight
  decoder.up.1.block.0.nin_shortcut.bias
  decoder.up.1.block.1.norm1.weight
  decoder.up.1.block.1.norm1.bias
  decoder.up.1.block.1.conv1.weight
  decoder.up.1.block.1.conv1.bias
  decoder.up.1.block.1.norm2.weight
  decoder.up.1.block.1.norm2.bias
  decoder.up.1.block.1.conv2.weight
  decoder.up.1.block.1.conv2.bias
  decoder.up.1.block.2.norm1.weight
  decoder.up.1.block.2.norm1.bias
  decoder.up.1.block.2.conv1.weight
  decoder.up.1.block.2.conv1.bias
  decoder.up.1.block.2.norm2.weight
  decoder.up.1.block.2.norm2.bias
  decoder.up.1.block.2.conv2.weight
  decoder.up.1.block.2.conv2.bias
  decoder.up.1.upsample.conv.weight
  decoder.up.1.upsample.conv.bias
  decoder.up.2.block.0.norm1.weight
  decoder.up.2.block.0.norm1.bias
  decoder.up.2.block.0.conv1.weight
  decoder.up.2.block.0.conv1.bias
  decoder.up.2.block.0.norm2.weight
  decoder.up.2.block.0.norm2.bias
  decoder.up.2.block.0.conv2.weight
  decoder.up.2.block.0.conv2.bias
  decoder.up.2.block.1.norm1.weight
  decoder.up.2.block.1.norm1.bias
  decoder.up.2.block.1.conv1.weight
  decoder.up.2.block.1.conv1.bias
  decoder.up.2.block.1.norm2.weight
  decoder.up.2.block.1.norm2.bias
  decoder.up.2.block.1.conv2.weight
  decoder.up.2.block.1.conv2.bias
  decoder.up.2.block.2.norm1.weight
  decoder.up.2.block.2.norm1.bias
  decoder.up.2.block.2.conv1.weight
  decoder.up.2.block.2.conv1.bias
  decoder.up.2.block.2.norm2.weight
  decoder.up.2.block.2.norm2.bias
  decoder.up.2.block.2.conv2.weight
  decoder.up.2.block.2.conv2.bias
  decoder.up.2.upsample.conv.weight
  decoder.up.2.upsample.conv.bias
  decoder.up.3.block.0.norm1.weight
  decoder.up.3.block.0.norm1.bias
  decoder.up.3.block.0.conv1.weight
  decoder.up.3.block.0.conv1.bias
  decoder.up.3.block.0.norm2.weight
  decoder.up.3.block.0.norm2.bias
  decoder.up.3.block.0.conv2.weight
  decoder.up.3.block.0.conv2.bias
  decoder.up.3.block.1.norm1.weight
  decoder.up.3.block.1.norm1.bias
  decoder.up.3.block.1.conv1.weight
  decoder.up.3.block.1.conv1.bias
  decoder.up.3.block.1.norm2.weight
  decoder.up.3.block.1.norm2.bias
  decoder.up.3.block.1.conv2.weight
  decoder.up.3.block.1.conv2.bias
  decoder.up.3.block.2.norm1.weight
  decoder.up.3.block.2.norm1.bias
  decoder.up.3.block.2.conv1.weight
  decoder.up.3.block.2.conv1.bias
  decoder.up.3.block.2.norm2.weight
  decoder.up.3.block.2.norm2.bias
  decoder.up.3.block.2.conv2.weight
  decoder.up.3.block.2.conv2.bias
  decoder.up.3.upsample.conv.weight
  decoder.up.3.upsample.conv.bias
  decoder.norm_out.weight
  decoder.norm_out.bias
  decoder.conv_out.weight
  decoder.conv_out.bias
  quant_conv.weight
  quant_conv.bias
  post_quant_conv.weight
  post_quant_conv.bias

Check completed.
